[bacsihoa.vn/index.html]
[bacsihoa.vn/xmlrpc.php]
[backblue.gif]
[fade.gif]
[index.html]
[bacsihoa.vn/wp-content/themes/flatsome/assets/js/chunk.countupafc7.js]
[bacsihoa.vn/wp-content/themes/flatsome/assets/js/chunk.sticky-sidebarafc7.js]
[bacsihoa.vn/wp-content/themes/flatsome/assets/js/chunk.tooltipsafc7.js]
[bacsihoa.vn/wp-content/themes/flatsome/assets/js/chunk.vendors-popupsafc7.js]
[bacsihoa.vn/wp-content/themes/flatsome/assets/js/chunk.vendors-sliderafc7.js]
[bacsihoa.vn/wp-includes/css/classic-themes.min68b3.css]
[bacsihoa.vn/feed/index.html]
[bacsihoa.vn/comments/feed/index.html]
[bacsihoa.vn/wp-content/plugins/contact-form-7/includes/css/styles76f3.css]
[bacsihoa.vn/wp-content/themes/flatsome/assets/css/flatsomeafc7.css]
[bacsihoa.vn/wp-content/themes/flatsome/assets/css/icons/fl-icons53cb.eot]
[bacsihoa.vn/wp-content/themes/flatsome/assets/css/icons/fl-icons.eot]
[bacsihoa.vn/wp-content/themes/flatsome/assets/css/icons/fl-icons53cb.woff2]
[bacsihoa.vn/wp-content/themes/flatsome/assets/css/icons/fl-icons53cb.ttf]
[bacsihoa.vn/wp-content/themes/flatsome/assets/css/icons/fl-icons53cb.woff]
[bacsihoa.vn/trang-chủ/feed/index.html]
[bacsihoa.vn/wp-content/themes/flatsome/assets/css/icons/fl-icons53cb.svg]
[bacsihoa.vn/wp-content/themes/flatsome-child/style6aec.css]
[bacsihoa.vn/wp-includes/js/jquery/jquery.mina7a0.js]
[bacsihoa.vn/wp-includes/js/jquery/jquery-migrate.mind617.js]
[bacsihoa.vn/wp-json/wp/v2/pages/2.json]
[bacsihoa.vn/wp-json/index.html]
[bacsihoa.vn/xmlrpc0db0.php]
[bacsihoa.vn/wp-includes/wlwmanifest.xml]
[bacsihoa.vn/wp-json/oembed/1.0/embedd279.json]
[bacsihoa.vn/wp-json/oembed/1.0/embedb806]
[bacsihoa.vn/wp-content/uploads/2023/02/cropped-avatar-bacsihoa1-32x32.jpg]
[bacsihoa.vn/wp-content/uploads/2023/02/cropped-avatar-bacsihoa1-192x192.jpg]
[bacsihoa.vn/wp-content/uploads/2023/02/cropped-avatar-bacsihoa1-180x180.jpg]
[bacsihoa.vn/wp-content/uploads/2023/02/cropped-avatar-bacsihoa1-270x270.jpg]
[bacsihoa.vn/wp-content/uploads/2023/02/logo-bacsihoa.jpg]
[bacsihoa.vn/wp-content/uploads/2023/02/banner.jpg]
[bacsihoa.vn/nhan-qua-tu-bac-si-hoa/index.html]
[bacsihoa.vn/gioi-thieu/index.html]
[bacsihoa.vn/tin-tuc/index.html]
[bacsihoa.vn/blogs/index.html]
[bacsihoa.vn/www.tiktok.com/@bacsyhoa]
[bacsihoa.vn/khao-sat-bmi/index.html]
[bacsihoa.vn/tieu-hoa/index.html]
[bacsihoa.vn/xuong-khop/index.html]
[bacsihoa.vn/noi-tiet-to-nu/index.html]
[bacsihoa.vn/wp-content/uploads/2023/03/BMI.jpg]
[bacsihoa.vn/khao-sat-tim-mach/index.html]
[bacsihoa.vn/test-nhanh-tram-cam/index.html]
[bacsihoa.vn/khao-sat-dai-thao-duong/index.html]
[bacsihoa.vn/wp-content/uploads/2023/03/tim-mach.jpg]
[bacsihoa.vn/wp-content/uploads/2023/03/dai-thao-duong.jpg]
[bacsihoa.vn/wp-content/uploads/2023/03/tram-cam.jpg]
[bacsihoa.vn/lien-he/index.html]
[bacsihoa.vn/wp-content/uploads/2023/02/avatar-bacsihoa1.jpg]
[bacsihoa.vn/wp-content/uploads/2023/02/avatar-bacsihoa2.jpg]
[bacsihoa.vn/wp-content/uploads/2023/02/avatar-bacsihoa3.jpg]
[bacsihoa.vn/wp-content/uploads/2023/02/cat-noi-tiet-to-nu.jpg]
[bacsihoa.vn/wp-content/uploads/2023/02/cat-xuong-khop.jpg]
[bacsihoa.vn/wp-content/uploads/2023/02/cate-tieu-hoa.jpg]
[bacsihoa.vn/wp-content/uploads/2023/02/bmi.jpg]
[bacsihoa.vn/wp-content/uploads/2023/02/bg_cat.webp]
[bacsihoa.vn/wp-content/uploads/2023/02/tap-the-duc-lieu-thuoc-phong-ngua-dai-thao-duong-hieu-qua.jpg]
[bacsihoa.vn/wp-content/uploads/2023/02/8-thuc-pham-bo-sung-estrogen-noi-tiet-to-cho-phu-nu-khong-nen-bo-qua.jpg]
[bacsihoa.vn/wp-content/uploads/2022/12/di-tim-nguyen-nhan-cach-xu-ly-khi-bi-dau-cung-co.jpg]
[bacsihoa.vn/tap-the-duc-lieu-thuoc-phong-ngua-dai-thao-duong-hieu-qua/index.html]
[bacsihoa.vn/wp-content/uploads/2022/12/cach-khac-phuc-dau-moi-co-gay-tai-nha.jpg]
[bacsihoa.vn/8-thuc-pham-bo-sung-estrogen-noi-tiet-to-cho-phu-nu-khong-nen-bo-qua/index.html]
[bacsihoa.vn/wp-content/uploads/2022/12/bai-tap-danh-cho-benh-nhan-thoai-hoa-cot-song-lung.jpg]
[bacsihoa.vn/di-tim-nguyen-nhan-cach-xu-ly-khi-bi-dau-cung-co/index.html]
[bacsihoa.vn/wp-content/uploads/2022/12/moi-nguy-kinh-nguyet-khong-deu-mang-lai-it-ai-biet.jpg]
[bacsihoa.vn/6-cach-khac-phuc-dau-moi-co-gay-tai-nha/index.html]
[bacsihoa.vn/wp-content/uploads/2023/02/bg_footer.jpg]
[bacsihoa.vn/7-bai-tap-danh-cho-benh-nhan-thoai-hoa-cot-song-lung/index.html]
[bacsihoa.vn/wp-content/uploads/2022/12/icon-hotline.png]
[bacsihoa.vn/wp-content/uploads/2022/12/icon-zalo.png]
[bacsihoa.vn/moi-nguy-kinh-nguyet-khong-deu-mang-lai-it-ai-biet/index.html]
[bacsihoa.vn/wp-content/uploads/2022/12/icon-messen.png]
[bacsihoa.vn/wp-content/plugins/contact-form-7/includes/swv/js/index76f3.js]
[bacsihoa.vn/wp-content/plugins/contact-form-7/includes/js/index76f3.js]
[bacsihoa.vn/wp-content/themes/flatsome/inc/extensions/flatsome-live-search/flatsome-live-searchafc7.js]
[bacsihoa.vn/wp-includes/js/dist/vendor/regenerator-runtime.min3937.js]
[bacsihoa.vn/wp-includes/js/dist/vendor/wp-polyfill.min2c7c.js]
[bacsihoa.vn/wp-includes/js/hoverIntent.min3e5a.js]
[bacsihoa.vn/wp-content/themes/flatsome/assets/js/flatsome554a.js]
[bacsihoa.vn/wp-content/plugins/akismet/_inc/akismet-frontend6295.js]
[bacsihoa.vn/index.html]
[bacsihoa.vn/xmlrpc.php]
[bacsihoa.vn/wp-includes/css/classic-themes.min68b3.css]
[bacsihoa.vn/wp-content/plugins/contact-form-7/includes/css/styles76f3.css]
[bacsihoa.vn/wp-content/themes/flatsome/assets/img/shadow@2x.png]
[bacsihoa.vn/wp-content/themes/flatsome/assets/img/underline.png]
[bacsihoa.vn/wp-content/themes/flatsome/assets/css/flatsomeafc7.css]
[bacsihoa.vn/wp-content/themes/flatsome/assets/css/icons/fl-icons53cb.svg]
[bacsihoa.vn/wp-content/themes/flatsome-child/style6aec.css]
[bacsihoa.vn/wp-json/wp/v2/pages/394.json]
[bacsihoa.vn/wp-json/oembed/1.0/embed0b9c.json]
[bacsihoa.vn/wp-json/oembed/1.0/embed4460]
[bacsihoa.vn/nhan-qua-tu-bac-si-hoa/www.tiktok.com/@bacsyhoa]
[bacsihoa.vn/nhan-qua-tu-bac-si-hoa/index.html]
[bacsihoa.vn/wp-json/wp/v2/pages/29.json]
[bacsihoa.vn/wp-json/oembed/1.0/embed8db7.json]
[bacsihoa.vn/wp-json/oembed/1.0/embed7795]
[bacsihoa.vn/gioi-thieu/www.tiktok.com/@bacsyhoa]
[bacsihoa.vn/gioi-thieu/index.html]
[bacsihoa.vn/wp-json/wp/v2/categories/1.json]
[bacsihoa.vn/wp-content/uploads/2023/02/tap-the-duc-lieu-thuoc-phong-ngua-dai-thao-duong-hieu-qua-1024x1024.jpg]
[bacsihoa.vn/tin-tuc/feed/index.html]
[bacsihoa.vn/wp-content/uploads/2023/02/8-thuc-pham-bo-sung-estrogen-noi-tiet-to-cho-phu-nu-khong-nen-bo-qua-1024x1024.jpg]
[bacsihoa.vn/author/helloadmin/index.html]
[bacsihoa.vn/wp-content/uploads/2022/12/di-tim-nguyen-nhan-cach-xu-ly-khi-bi-dau-cung-co-1024x1016.jpg]
[bacsihoa.vn/wp-content/uploads/2022/12/cach-khac-phuc-dau-moi-co-gay-tai-nha-1024x1024.jpg]
[bacsihoa.vn/wp-content/uploads/2022/12/bai-tap-danh-cho-benh-nhan-thoai-hoa-cot-song-lung-1024x1024.jpg]
[bacsihoa.vn/wp-content/uploads/2022/12/moi-nguy-kinh-nguyet-khong-deu-mang-lai-it-ai-biet-1024x1024.jpg]
[bacsihoa.vn/wp-content/uploads/2022/12/phai-dep-nen-tich-cuc-an-gi-de-tang-noi-tiet-to-nu-1024x1024.jpg]
[bacsihoa.vn/phai-dep-nen-tich-cuc-an-gi-de-tang-noi-tiet-to-nu/index.html]
[bacsihoa.vn/tin-tuc/www.tiktok.com/@bacsyhoa.4e.delayed]
[bacsihoa.vn/tin-tuc/index.html]
[bacsihoa.vn/wp-json/wp/v2/pages/310.json]
[bacsihoa.vn/wp-json/oembed/1.0/embed0a23.json]
[bacsihoa.vn/wp-json/oembed/1.0/embed9e90]
[bacsihoa.vn/wp-content/uploads/2022/12/phai-dep-nen-tich-cuc-an-gi-de-tang-noi-tiet-to-nu.jpg]
[bacsihoa.vn/blogs/www.tiktok.com/@bacsyhoa]
[bacsihoa.vn/blogs/index.html]
[bacsihoa.vn/wp-json/wp/v2/categories/18.json]
[bacsihoa.vn/noi-tiet-to-nu/www.tiktok.com/@bacsyhoa]
[bacsihoa.vn/noi-tiet-to-nu/index.html]
[bacsihoa.vn/noi-tiet-to-nu/feed/index.html]
[bacsihoa.vn/wp-json/wp/v2/categories/20.json]
[bacsihoa.vn/xuong-khop/feed/index.html]
[bacsihoa.vn/xuong-khop/www.tiktok.com/@bacsyhoa]
[bacsihoa.vn/xuong-khop/index.html]
[bacsihoa.vn/wp-json/wp/v2/categories/19.json]
[bacsihoa.vn/tieu-hoa/feed/index.html]
[bacsihoa.vn/tieu-hoa/www.tiktok.com/@bacsyhoa]
[bacsihoa.vn/tieu-hoa/index.html]
[bacsihoa.vn/wp-json/wp/v2/pages/265.json]
[bacsihoa.vn/wp-json/oembed/1.0/embed46e3.json]
[bacsihoa.vn/wp-json/oembed/1.0/embedb0f4]
[bacsihoa.vn/wp-content/uploads/2023/02/img-BMI.jpg]
[bacsihoa.vn/khao-sat-bmi/www.tiktok.com/@bacsyhoa]
[bacsihoa.vn/khao-sat-bmi/index.html]
[bacsihoa.vn/wp-json/wp/v2/pages/343.json]
[bacsihoa.vn/wp-json/oembed/1.0/embed66e8.json]
[bacsihoa.vn/wp-json/oembed/1.0/embed3bb7]
[bacsihoa.vn/wp-content/uploads/2023/03/img-dai-thao-duong.jpg]
[bacsihoa.vn/khao-sat-dai-thao-duong/www.tiktok.com/@bacsyhoa]
[bacsihoa.vn/khao-sat-dai-thao-duong/index.html]
[bacsihoa.vn/wp-json/wp/v2/pages/350.json]
[bacsihoa.vn/wp-json/oembed/1.0/embedf438.json]
[bacsihoa.vn/wp-json/oembed/1.0/embed9178]
[bacsihoa.vn/wp-content/uploads/2023/03/icon-heathcare.png]
[bacsihoa.vn/khao-sat-tim-mach/www.tiktok.com/@bacsyhoa]
[bacsihoa.vn/khao-sat-tim-mach/index.html]
[bacsihoa.vn/wp-json/wp/v2/pages/378.json]
[bacsihoa.vn/danh-gia-cholesterol/index.html]
[bacsihoa.vn/wp-json/oembed/1.0/embede1dc.json]
[bacsihoa.vn/wp-json/oembed/1.0/embed9fed]
[bacsihoa.vn/wp-content/uploads/2023/03/img-tram-cam.jpg]
[bacsihoa.vn/test-nhanh-tram-cam/www.tiktok.com/@bacsyhoa]
[bacsihoa.vn/test-nhanh-tram-cam/index.html]
[bacsihoa.vn/wp-json/wp/v2/pages/27.json]
[bacsihoa.vn/wp-json/oembed/1.0/embeded5b.json]
[bacsihoa.vn/wp-json/oembed/1.0/embed207a]
[bacsihoa.vn/lien-he/www.tiktok.com/@bacsyhoa]
[bacsihoa.vn/lien-he/index.html]
[bacsihoa.vn/www.tiktok.com/@bacsyhoa.html]
[bacsihoa.vn/wp-json/wp/v2/posts/195.json]
[bacsihoa.vn/tap-the-duc-lieu-thuoc-phong-ngua-dai-thao-duong-hieu-qua/feed/index.html]
[bacsihoa.vn/wp-json/oembed/1.0/embed1f24.json]
[bacsihoa.vn/wp-json/oembed/1.0/embedc20b]
[bacsihoa.vn/tap-the-duc-lieu-thuoc-phong-ngua-dai-thao-duong-hieu-qua/www.tiktok.com/@bacsyhoa]
[bacsihoa.vn/wp-includes/js/comment-reply.min6a4d.js]
[bacsihoa.vn/tap-the-duc-lieu-thuoc-phong-ngua-dai-thao-duong-hieu-qua/index.html]
[bacsihoa.vn/wp-json/wp/v2/posts/192.json]
[bacsihoa.vn/8-thuc-pham-bo-sung-estrogen-noi-tiet-to-cho-phu-nu-khong-nen-bo-qua/feed/index.html]
[bacsihoa.vn/wp-json/oembed/1.0/embedd5ec.json]
[bacsihoa.vn/wp-json/oembed/1.0/embed1e46]
[bacsihoa.vn/8-thuc-pham-bo-sung-estrogen-noi-tiet-to-cho-phu-nu-khong-nen-bo-qua/www.tiktok.com/@bacsyhoa]
[bacsihoa.vn/8-thuc-pham-bo-sung-estrogen-noi-tiet-to-cho-phu-nu-khong-nen-bo-qua/index.html]
[bacsihoa.vn/wp-json/wp/v2/posts/68.json]
[bacsihoa.vn/wp-json/oembed/1.0/embed9fd4.json]
[bacsihoa.vn/di-tim-nguyen-nhan-cach-xu-ly-khi-bi-dau-cung-co/feed/index.html]
[bacsihoa.vn/wp-json/oembed/1.0/embed165d]
[bacsihoa.vn/di-tim-nguyen-nhan-cach-xu-ly-khi-bi-dau-cung-co/www.tiktok.com/@bacsyhoa]
[bacsihoa.vn/di-tim-nguyen-nhan-cach-xu-ly-khi-bi-dau-cung-co/index.html]
[bacsihoa.vn/wp-json/wp/v2/posts/66.json]
[bacsihoa.vn/wp-json/oembed/1.0/embedfdee.json]
[bacsihoa.vn/6-cach-khac-phuc-dau-moi-co-gay-tai-nha/feed/index.html]
[bacsihoa.vn/wp-json/oembed/1.0/embedfce2]
[bacsihoa.vn/6-cach-khac-phuc-dau-moi-co-gay-tai-nha/www.tiktok.com/@bacsyhoa]
[bacsihoa.vn/6-cach-khac-phuc-dau-moi-co-gay-tai-nha/index.html]
[bacsihoa.vn/wp-json/wp/v2/posts/64.json]
[bacsihoa.vn/wp-json/oembed/1.0/embedcbe5.json]
[bacsihoa.vn/7-bai-tap-danh-cho-benh-nhan-thoai-hoa-cot-song-lung/feed/index.html]
[bacsihoa.vn/wp-json/oembed/1.0/embedd074]
[bacsihoa.vn/7-bai-tap-danh-cho-benh-nhan-thoai-hoa-cot-song-lung/www.tiktok.com/@bacsyhoa]
[bacsihoa.vn/7-bai-tap-danh-cho-benh-nhan-thoai-hoa-cot-song-lung/index.html]
[bacsihoa.vn/wp-json/wp/v2/posts/62.json]
[bacsihoa.vn/moi-nguy-kinh-nguyet-khong-deu-mang-lai-it-ai-biet/feed/index.html]
[bacsihoa.vn/wp-json/oembed/1.0/embedde1f.json]
[bacsihoa.vn/wp-json/oembed/1.0/embedb971]
[bacsihoa.vn/moi-nguy-kinh-nguyet-khong-deu-mang-lai-it-ai-biet/www.tiktok.com/@bacsyhoa]
[bacsihoa.vn/moi-nguy-kinh-nguyet-khong-deu-mang-lai-it-ai-biet/index.html]
[bacsihoa.vn/index51fe.html]
[bacsihoa.vn/nhan-qua-tu-bac-si-hoa/www.tiktok.com/@bacsyhoa.html]
[bacsihoa.vn/index9cd7.html]
[bacsihoa.vn/gioi-thieu/www.tiktok.com/@bacsyhoa.html]
[bacsihoa.vn/wp-json/wp/v2/users/1]
[bacsihoa.vn/author/helloadmin/www.tiktok.com/@bacsyhoa]
[bacsihoa.vn/author/helloadmin/index.html]
[bacsihoa.vn/author/helloadmin/feed/index.html]
[bacsihoa.vn/wp-json/wp/v2/posts/1.json]
[bacsihoa.vn/phai-dep-nen-tich-cuc-an-gi-de-tang-noi-tiet-to-nu/feed/index.html]
[bacsihoa.vn/wp-json/oembed/1.0/embede97d.json]
[bacsihoa.vn/wp-json/oembed/1.0/embed56e5]
[bacsihoa.vn/phai-dep-nen-tich-cuc-an-gi-de-tang-noi-tiet-to-nu/www.tiktok.com/@bacsyhoa]
[bacsihoa.vn/phai-dep-nen-tich-cuc-an-gi-de-tang-noi-tiet-to-nu/index.html]
[bacsihoa.vn/tin-tuc/www.tiktok.com/@bacsyhoa.html]
[bacsihoa.vn/index90b2.html]
[bacsihoa.vn/blogs/www.tiktok.com/@bacsyhoa.html]
[bacsihoa.vn/noi-tiet-to-nu/www.tiktok.com/@bacsyhoa.html]
[bacsihoa.vn/xuong-khop/www.tiktok.com/@bacsyhoa.html]
[bacsihoa.vn/tieu-hoa/www.tiktok.com/@bacsyhoa.html]
[bacsihoa.vn/indexc61d.html]
[bacsihoa.vn/khao-sat-bmi/www.tiktok.com/@bacsyhoa.html]
[bacsihoa.vn/index3e1b.html]
[bacsihoa.vn/khao-sat-dai-thao-duong/www.tiktok.com/@bacsyhoa.html]
[bacsihoa.vn/index8fbb.html]
[bacsihoa.vn/wp-json/wp/v2/pages/358.json]
[bacsihoa.vn/wp-json/oembed/1.0/embed8edb.json]
[bacsihoa.vn/wp-json/oembed/1.0/embedcf86]
[bacsihoa.vn/wp-content/uploads/2023/03/img-cholesterol.jpg]
[bacsihoa.vn/danh-gia-cholesterol/www.tiktok.com/@bacsyhoa]
[bacsihoa.vn/danh-gia-cholesterol/index.html]
[bacsihoa.vn/khao-sat-tim-mach/www.tiktok.com/@bacsyhoa.html]
[bacsihoa.vn/indexe8d3.html]
[bacsihoa.vn/test-nhanh-tram-cam/www.tiktok.com/@bacsyhoa.html]
[bacsihoa.vn/index1c4a.html]
[bacsihoa.vn/lien-he/www.tiktok.com/@bacsyhoa.html]
[bacsihoa.vn/index78d6.html]
[bacsihoa.vn/tap-the-duc-lieu-thuoc-phong-ngua-dai-thao-duong-hieu-qua/www.tiktok.com/@bacsyhoa.html]
[bacsihoa.vn/index5a6a.html]
[bacsihoa.vn/8-thuc-pham-bo-sung-estrogen-noi-tiet-to-cho-phu-nu-khong-nen-bo-qua/www.tiktok.com/@bacsyhoa.html]
[bacsihoa.vn/index7ef4.html]
[bacsihoa.vn/di-tim-nguyen-nhan-cach-xu-ly-khi-bi-dau-cung-co/www.tiktok.com/@bacsyhoa.html]
[bacsihoa.vn/index4f61.html]
[bacsihoa.vn/6-cach-khac-phuc-dau-moi-co-gay-tai-nha/www.tiktok.com/@bacsyhoa.html]
[bacsihoa.vn/index8cd4.html]
[bacsihoa.vn/7-bai-tap-danh-cho-benh-nhan-thoai-hoa-cot-song-lung/www.tiktok.com/@bacsyhoa.html]
[bacsihoa.vn/index5c36.html]
[bacsihoa.vn/moi-nguy-kinh-nguyet-khong-deu-mang-lai-it-ai-biet/www.tiktok.com/@bacsyhoa.html]
[bacsihoa.vn/wp-json/wp/v2/users/1.json]
[bacsihoa.vn/author/helloadmin/www.tiktok.com/@bacsyhoa.html]
[bacsihoa.vn/indexcff1.html]
[bacsihoa.vn/phai-dep-nen-tich-cuc-an-gi-de-tang-noi-tiet-to-nu/www.tiktok.com/@bacsyhoa.html]
[bacsihoa.vn/indexf5a4.html]
[bacsihoa.vn/danh-gia-cholesterol/www.tiktok.com/@bacsyhoa.html]
